// Jest Snapshot v1, https://goo.gl/fbAQLP

exports[`BookDetail Screen matches BookDetail screen snapshot 1`] = `
<RCTSafeAreaView
  emulateUnlessSupported={true}
  style={
    Array [
      Object {
        "backgroundColor": "#FFFF",
        "flexBasis": 0,
        "flexGrow": 1,
        "flexShrink": 1,
      },
    ]
  }
>
  <View
    style={
      Array [
        Object {
          "height": 36,
          "marginTop": 30,
          "width": "100%",
        },
      ]
    }
  >
    <View
      accessible={true}
      focusable={false}
      onClick={[Function]}
      onResponderGrant={[Function]}
      onResponderMove={[Function]}
      onResponderRelease={[Function]}
      onResponderTerminate={[Function]}
      onResponderTerminationRequest={[Function]}
      onStartShouldSetResponder={[Function]}
      style={
        Object {
          "height": 35,
          "marginLeft": 16,
          "opacity": 1,
          "width": 35,
        }
      }
    >
      <View
        accessibilityLabel="Previous page"
        accessible={true}
        focusable={true}
        onClick={[Function]}
        onResponderGrant={[Function]}
        onResponderMove={[Function]}
        onResponderRelease={[Function]}
        onResponderTerminate={[Function]}
        onResponderTerminationRequest={[Function]}
        onStartShouldSetResponder={[Function]}
        style={
          Object {
            "alignItems": "center",
            "backgroundColor": "#FFFF",
            "borderColor": "rgba(0,0,0,0.32)",
            "borderRadius": 20,
            "borderWidth": 1,
            "height": 36,
            "justifyContent": "center",
            "opacity": 1,
            "paddingBottom": 9,
            "paddingLeft": 9,
            "paddingRight": 9,
            "paddingTop": 9,
          }
        }
      >
        <Text />
      </View>
    </View>
  </View>
  <RCTScrollView
    showsVerticalScrollIndicator={false}
    style={
      Array [
        Object {
          "flexBasis": 0,
          "flexGrow": 1,
          "flexShrink": 1,
          "marginBottom": 0,
          "marginLeft": 40,
          "marginRight": 40,
          "marginTop": 0,
        },
      ]
    }
  >
    <View>
      <View
        style={
          Array [
            Object {
              "alignItems": "center",
              "elevation": 5,
              "height": 351,
              "justifyContent": "center",
              "marginTop": 12,
              "shadowColor": "#000",
              "shadowOffset": Object {
                "height": 8,
                "width": 3,
              },
              "shadowOpacity": 0.2,
              "shadowRadius": 10.84,
            },
          ]
        }
      >
        <Image
          source={
            Object {
              "uri": undefined,
            }
          }
          style={
            Array [
              Object {
                "height": "100%",
                "width": 240,
              },
            ]
          }
        />
      </View>
      <View
        style={
          Array [
            Object {},
          ]
        }
      >
        <Text
          numberOfLines={2}
          style={
            Array [
              Object {
                "color": "#333333",
                "flexWrap": "wrap",
                "fontFamily": "Heebo_500Medium",
                "fontSize": 69,
                "marginTop": 24,
              },
            ]
          }
        />
        <Text
          style={
            Array [
              Object {
                "color": "#AB2680",
                "fontFamily": "Heebo_400Regular",
                "fontSize": 35,
                "lineHeight": 20,
              },
            ]
          }
        />
      </View>
      <View
        style={
          Array [
            Object {
              "marginTop": 35,
            },
          ]
        }
      >
        <View
          style={
            Array [
              Object {
                "marginBottom": 15,
              },
            ]
          }
        >
          <Text
            style={
              Array [
                Object {
                  "color": "#333333",
                  "fontFamily": "Heebo_500Medium",
                  "fontSize": 24,
                  "lineHeight": 20,
                },
              ]
            }
          >
            INFORMAÇÕES
          </Text>
        </View>
        <View
          style={
            Array [
              Object {
                "flexDirection": "row",
                "justifyContent": "space-between",
              },
            ]
          }
        >
          <Text
            style={
              Array [
                Object {
                  "color": "#333333",
                  "fontFamily": "Heebo_500Medium",
                  "fontSize": 24,
                  "lineHeight": 20,
                },
              ]
            }
          >
            Páginas
          </Text>
          <Text
            style={
              Array [
                Object {
                  "color": "rgba(0,0,0,0.32)",
                  "fontFamily": "Heebo_500Medium",
                  "fontSize": 24,
                  "lineHeight": 20,
                },
              ]
            }
          />
        </View>
        <View
          style={
            Array [
              Object {
                "flexDirection": "row",
                "justifyContent": "space-between",
              },
            ]
          }
        >
          <Text
            style={
              Array [
                Object {
                  "color": "#333333",
                  "fontFamily": "Heebo_500Medium",
                  "fontSize": 24,
                  "lineHeight": 20,
                },
              ]
            }
          >
            Editora
          </Text>
          <Text
            style={
              Array [
                Object {
                  "color": "rgba(0,0,0,0.32)",
                  "fontFamily": "Heebo_500Medium",
                  "fontSize": 24,
                  "lineHeight": 20,
                },
              ]
            }
          />
        </View>
        <View
          style={
            Array [
              Object {
                "flexDirection": "row",
                "justifyContent": "space-between",
              },
            ]
          }
        >
          <Text
            style={
              Array [
                Object {
                  "color": "#333333",
                  "fontFamily": "Heebo_500Medium",
                  "fontSize": 24,
                  "lineHeight": 20,
                },
              ]
            }
          >
            Publicação
          </Text>
          <Text
            style={
              Array [
                Object {
                  "color": "rgba(0,0,0,0.32)",
                  "fontFamily": "Heebo_500Medium",
                  "fontSize": 24,
                  "lineHeight": 20,
                },
              ]
            }
          />
        </View>
        <View
          style={
            Array [
              Object {
                "flexDirection": "row",
                "justifyContent": "space-between",
              },
            ]
          }
        >
          <Text
            style={
              Array [
                Object {
                  "color": "#333333",
                  "fontFamily": "Heebo_500Medium",
                  "fontSize": 24,
                  "lineHeight": 20,
                },
              ]
            }
          >
            Idioma
          </Text>
          <Text
            style={
              Array [
                Object {
                  "color": "rgba(0,0,0,0.32)",
                  "fontFamily": "Heebo_500Medium",
                  "fontSize": 24,
                  "lineHeight": 20,
                },
              ]
            }
          />
        </View>
        <View
          style={
            Array [
              Object {
                "flexDirection": "row",
                "justifyContent": "space-between",
              },
            ]
          }
        >
          <Text
            style={
              Array [
                Object {
                  "color": "#333333",
                  "fontFamily": "Heebo_500Medium",
                  "fontSize": 24,
                  "lineHeight": 20,
                },
              ]
            }
          >
            Título Original
          </Text>
          <Text
            style={
              Array [
                Object {
                  "color": "rgba(0,0,0,0.32)",
                  "fontFamily": "Heebo_500Medium",
                  "fontSize": 24,
                  "lineHeight": 20,
                },
              ]
            }
          />
        </View>
        <View
          style={
            Array [
              Object {
                "flexDirection": "row",
                "justifyContent": "space-between",
              },
            ]
          }
        >
          <Text
            style={
              Array [
                Object {
                  "color": "#333333",
                  "fontFamily": "Heebo_500Medium",
                  "fontSize": 24,
                  "lineHeight": 20,
                },
              ]
            }
          >
            ISBN-10
          </Text>
          <Text
            style={
              Array [
                Object {
                  "color": "rgba(0,0,0,0.32)",
                  "fontFamily": "Heebo_500Medium",
                  "fontSize": 24,
                  "lineHeight": 20,
                },
              ]
            }
          />
        </View>
        <View
          style={
            Array [
              Object {
                "flexDirection": "row",
                "justifyContent": "space-between",
              },
            ]
          }
        >
          <Text
            style={
              Array [
                Object {
                  "color": "#333333",
                  "fontFamily": "Heebo_500Medium",
                  "fontSize": 24,
                  "lineHeight": 20,
                },
              ]
            }
          >
            ISBN-13
          </Text>
          <Text
            style={
              Array [
                Object {
                  "color": "rgba(0,0,0,0.32)",
                  "fontFamily": "Heebo_500Medium",
                  "fontSize": 24,
                  "lineHeight": 20,
                },
              ]
            }
          />
        </View>
        <View
          style={
            Array [
              Object {
                "flexDirection": "row",
                "justifyContent": "space-between",
              },
            ]
          }
        >
          <Text
            style={
              Array [
                Object {
                  "color": "#333333",
                  "fontFamily": "Heebo_500Medium",
                  "fontSize": 24,
                  "lineHeight": 20,
                },
              ]
            }
          >
            Categoria
          </Text>
          <Text
            style={
              Array [
                Object {
                  "color": "rgba(0,0,0,0.32)",
                  "fontFamily": "Heebo_500Medium",
                  "fontSize": 24,
                  "lineHeight": 20,
                },
              ]
            }
          />
        </View>
      </View>
      <View
        style={
          Array [
            Object {
              "marginBottom": 30,
              "marginTop": 18,
            },
          ]
        }
      >
        <View
          style={
            Array [
              Object {
                "marginBottom": 15,
              },
            ]
          }
        >
          <Text
            style={
              Array [
                Object {
                  "color": "#333333",
                  "fontFamily": "Heebo_500Medium",
                  "fontSize": 24,
                  "lineHeight": 20,
                },
              ]
            }
          >
            RESENHA DA EDITORA
          </Text>
        </View>
        <Text
          style={
            Array [
              Object {
                "color": "rgba(0,0,0,0.32)",
                "fontFamily": "Heebo_500Medium",
                "fontSize": 24,
                "lineHeight": 20,
              },
            ]
          }
        >
          <View
            style={
              Array [
                Object {
                  "marginRight": 5,
                },
              ]
            }
          >
            SvgMock
          </View>
        </Text>
      </View>
    </View>
  </RCTScrollView>
</RCTSafeAreaView>
`;
