// Jest Snapshot v1, https://goo.gl/fbAQLP

exports[`HomeScreen matches home screen snapshot 1`] = `
Array [
  <Modal
    accessibilityLabel="Modal"
    accessible={true}
    animationType="fade"
    hardwareAccelerated={false}
    onRequestClose={[Function]}
    style={
      Array [
        Object {},
      ]
    }
    testID="modal"
    transparent={true}
    visible={false}
  >
    <RCTSafeAreaView
      emulateUnlessSupported={true}
      style={
        Array [
          Object {
            "alignItems": "center",
            "backgroundColor": "rgba(0,0,0,0.4)",
            "height": "100%",
            "justifyContent": "center",
            "width": "100%",
          },
        ]
      }
    >
      <View
        style={
          Array [
            Object {
              "backgroundColor": "#FFFF",
              "borderRadius": 4,
              "marginTop": 50,
              "minHeight": "55%",
              "width": "90%",
            },
          ]
        }
      >
        <RCTScrollView
          showsVerticalScrollIndicator={false}
          style={
            Array [
              Object {
                "backgroundColor": "#FFFF",
                "marginBottom": 16,
                "marginLeft": 16,
                "marginRight": 16,
                "marginTop": 16,
              },
            ]
          }
        >
          <View>
            <View
              style={
                Array [
                  Object {
                    "backgroundColor": "#FFFF",
                    "flexDirection": "row",
                    "justifyContent": "flex-end",
                  },
                ]
              }
            >
              <View
                accessibilityLabel="Close modal"
                accessible={true}
                focusable={true}
                onClick={[Function]}
                onResponderGrant={[Function]}
                onResponderMove={[Function]}
                onResponderRelease={[Function]}
                onResponderTerminate={[Function]}
                onResponderTerminationRequest={[Function]}
                onStartShouldSetResponder={[Function]}
                style={
                  Object {
                    "alignItems": "center",
                    "backgroundColor": "#FFFF",
                    "borderColor": "rgba(0,0,0,0.32)",
                    "borderRadius": 20,
                    "borderWidth": 1,
                    "height": 36,
                    "justifyContent": "center",
                    "opacity": 1,
                    "paddingBottom": 9,
                    "paddingLeft": 9,
                    "paddingRight": 9,
                    "paddingTop": 9,
                  }
                }
              >
                <Text />
              </View>
            </View>
            <View
              style={
                Array [
                  Object {
                    "marginBottom": 10,
                  },
                ]
              }
            >
              <Text
                style={
                  Array [
                    Object {
                      "color": "#333333",
                      "fontFamily": "Heebo_500Medium",
                      "fontSize": 24,
                    },
                  ]
                }
              >
                Selecione a categoria
              </Text>
            </View>
            <View
              style={
                Array [
                  Object {
                    "flexDirection": "row",
                    "flexWrap": "wrap",
                  },
                ]
              }
            >
              <View
                style={
                  Array [
                    Object {
                      "marginBottom": 4,
                      "marginLeft": 2,
                      "marginRight": 2,
                      "marginTop": 4,
                    },
                  ]
                }
              >
                <View
                  accessible={true}
                  focusable={true}
                  onClick={[Function]}
                  onResponderGrant={[Function]}
                  onResponderMove={[Function]}
                  onResponderRelease={[Function]}
                  onResponderTerminate={[Function]}
                  onResponderTerminationRequest={[Function]}
                  onStartShouldSetResponder={[Function]}
                  style={
                    Object {
                      "alignItems": "center",
                      "backgroundColor": "#FFFF",
                      "borderColor": "rgba(0,0,0,0.32)",
                      "borderRadius": 20,
                      "borderWidth": 1,
                      "height": 36,
                      "justifyContent": "center",
                      "opacity": 1,
                      "paddingBottom": 9,
                      "paddingLeft": 9,
                      "paddingRight": 9,
                      "paddingTop": 9,
                    }
                  }
                >
                  <Text
                    color="#333333"
                    style={
                      Array [
                        Object {
                          "color": "#333333",
                          "fontFamily": "Heebo_400Regular",
                          "fontSize": 24,
                        },
                      ]
                    }
                  >
                    Biografias
                  </Text>
                </View>
              </View>
              <View
                style={
                  Array [
                    Object {
                      "marginBottom": 4,
                      "marginLeft": 2,
                      "marginRight": 2,
                      "marginTop": 4,
                    },
                  ]
                }
              >
                <View
                  accessible={true}
                  focusable={true}
                  onClick={[Function]}
                  onResponderGrant={[Function]}
                  onResponderMove={[Function]}
                  onResponderRelease={[Function]}
                  onResponderTerminate={[Function]}
                  onResponderTerminationRequest={[Function]}
                  onStartShouldSetResponder={[Function]}
                  style={
                    Object {
                      "alignItems": "center",
                      "backgroundColor": "#FFFF",
                      "borderColor": "rgba(0,0,0,0.32)",
                      "borderRadius": 20,
                      "borderWidth": 1,
                      "height": 36,
                      "justifyContent": "center",
                      "opacity": 1,
                      "paddingBottom": 9,
                      "paddingLeft": 9,
                      "paddingRight": 9,
                      "paddingTop": 9,
                    }
                  }
                >
                  <Text
                    color="#333333"
                    style={
                      Array [
                        Object {
                          "color": "#333333",
                          "fontFamily": "Heebo_400Regular",
                          "fontSize": 24,
                        },
                      ]
                    }
                  >
                    Coleções
                  </Text>
                </View>
              </View>
              <View
                style={
                  Array [
                    Object {
                      "marginBottom": 4,
                      "marginLeft": 2,
                      "marginRight": 2,
                      "marginTop": 4,
                    },
                  ]
                }
              >
                <View
                  accessible={true}
                  focusable={true}
                  onClick={[Function]}
                  onResponderGrant={[Function]}
                  onResponderMove={[Function]}
                  onResponderRelease={[Function]}
                  onResponderTerminate={[Function]}
                  onResponderTerminationRequest={[Function]}
                  onStartShouldSetResponder={[Function]}
                  style={
                    Object {
                      "alignItems": "center",
                      "backgroundColor": "#FFFF",
                      "borderColor": "rgba(0,0,0,0.32)",
                      "borderRadius": 20,
                      "borderWidth": 1,
                      "height": 36,
                      "justifyContent": "center",
                      "opacity": 1,
                      "paddingBottom": 9,
                      "paddingLeft": 9,
                      "paddingRight": 9,
                      "paddingTop": 9,
                    }
                  }
                >
                  <Text
                    color="#333333"
                    style={
                      Array [
                        Object {
                          "color": "#333333",
                          "fontFamily": "Heebo_400Regular",
                          "fontSize": 24,
                        },
                      ]
                    }
                  >
                    Comportamento
                  </Text>
                </View>
              </View>
              <View
                style={
                  Array [
                    Object {
                      "marginBottom": 4,
                      "marginLeft": 2,
                      "marginRight": 2,
                      "marginTop": 4,
                    },
                  ]
                }
              >
                <View
                  accessible={true}
                  focusable={true}
                  onClick={[Function]}
                  onResponderGrant={[Function]}
                  onResponderMove={[Function]}
                  onResponderRelease={[Function]}
                  onResponderTerminate={[Function]}
                  onResponderTerminationRequest={[Function]}
                  onStartShouldSetResponder={[Function]}
                  style={
                    Object {
                      "alignItems": "center",
                      "backgroundColor": "#FFFF",
                      "borderColor": "rgba(0,0,0,0.32)",
                      "borderRadius": 20,
                      "borderWidth": 1,
                      "height": 36,
                      "justifyContent": "center",
                      "opacity": 1,
                      "paddingBottom": 9,
                      "paddingLeft": 9,
                      "paddingRight": 9,
                      "paddingTop": 9,
                    }
                  }
                >
                  <Text
                    color="#333333"
                    style={
                      Array [
                        Object {
                          "color": "#333333",
                          "fontFamily": "Heebo_400Regular",
                          "fontSize": 24,
                        },
                      ]
                    }
                  >
                    Contos
                  </Text>
                </View>
              </View>
              <View
                style={
                  Array [
                    Object {
                      "marginBottom": 4,
                      "marginLeft": 2,
                      "marginRight": 2,
                      "marginTop": 4,
                    },
                  ]
                }
              >
                <View
                  accessible={true}
                  focusable={true}
                  onClick={[Function]}
                  onResponderGrant={[Function]}
                  onResponderMove={[Function]}
                  onResponderRelease={[Function]}
                  onResponderTerminate={[Function]}
                  onResponderTerminationRequest={[Function]}
                  onStartShouldSetResponder={[Function]}
                  style={
                    Object {
                      "alignItems": "center",
                      "backgroundColor": "#FFFF",
                      "borderColor": "rgba(0,0,0,0.32)",
                      "borderRadius": 20,
                      "borderWidth": 1,
                      "height": 36,
                      "justifyContent": "center",
                      "opacity": 1,
                      "paddingBottom": 9,
                      "paddingLeft": 9,
                      "paddingRight": 9,
                      "paddingTop": 9,
                    }
                  }
                >
                  <Text
                    color="#333333"
                    style={
                      Array [
                        Object {
                          "color": "#333333",
                          "fontFamily": "Heebo_400Regular",
                          "fontSize": 24,
                        },
                      ]
                    }
                  >
                    Critica Literária
                  </Text>
                </View>
              </View>
              <View
                style={
                  Array [
                    Object {
                      "marginBottom": 4,
                      "marginLeft": 2,
                      "marginRight": 2,
                      "marginTop": 4,
                    },
                  ]
                }
              >
                <View
                  accessible={true}
                  focusable={true}
                  onClick={[Function]}
                  onResponderGrant={[Function]}
                  onResponderMove={[Function]}
                  onResponderRelease={[Function]}
                  onResponderTerminate={[Function]}
                  onResponderTerminationRequest={[Function]}
                  onStartShouldSetResponder={[Function]}
                  style={
                    Object {
                      "alignItems": "center",
                      "backgroundColor": "#FFFF",
                      "borderColor": "rgba(0,0,0,0.32)",
                      "borderRadius": 20,
                      "borderWidth": 1,
                      "height": 36,
                      "justifyContent": "center",
                      "opacity": 1,
                      "paddingBottom": 9,
                      "paddingLeft": 9,
                      "paddingRight": 9,
                      "paddingTop": 9,
                    }
                  }
                >
                  <Text
                    color="#333333"
                    style={
                      Array [
                        Object {
                          "color": "#333333",
                          "fontFamily": "Heebo_400Regular",
                          "fontSize": 24,
                        },
                      ]
                    }
                  >
                    Ficção Cientifica 
                  </Text>
                </View>
              </View>
              <View
                style={
                  Array [
                    Object {
                      "marginBottom": 4,
                      "marginLeft": 2,
                      "marginRight": 2,
                      "marginTop": 4,
                    },
                  ]
                }
              >
                <View
                  accessible={true}
                  focusable={true}
                  onClick={[Function]}
                  onResponderGrant={[Function]}
                  onResponderMove={[Function]}
                  onResponderRelease={[Function]}
                  onResponderTerminate={[Function]}
                  onResponderTerminationRequest={[Function]}
                  onStartShouldSetResponder={[Function]}
                  style={
                    Object {
                      "alignItems": "center",
                      "backgroundColor": "#FFFF",
                      "borderColor": "rgba(0,0,0,0.32)",
                      "borderRadius": 20,
                      "borderWidth": 1,
                      "height": 36,
                      "justifyContent": "center",
                      "opacity": 1,
                      "paddingBottom": 9,
                      "paddingLeft": 9,
                      "paddingRight": 9,
                      "paddingTop": 9,
                    }
                  }
                >
                  <Text
                    color="#333333"
                    style={
                      Array [
                        Object {
                          "color": "#333333",
                          "fontFamily": "Heebo_400Regular",
                          "fontSize": 24,
                        },
                      ]
                    }
                  >
                    Genealogia
                  </Text>
                </View>
              </View>
              <View
                style={
                  Array [
                    Object {
                      "marginBottom": 4,
                      "marginLeft": 2,
                      "marginRight": 2,
                      "marginTop": 4,
                    },
                  ]
                }
              >
                <View
                  accessible={true}
                  focusable={true}
                  onClick={[Function]}
                  onResponderGrant={[Function]}
                  onResponderMove={[Function]}
                  onResponderRelease={[Function]}
                  onResponderTerminate={[Function]}
                  onResponderTerminationRequest={[Function]}
                  onStartShouldSetResponder={[Function]}
                  style={
                    Object {
                      "alignItems": "center",
                      "backgroundColor": "#FFFF",
                      "borderColor": "rgba(0,0,0,0.32)",
                      "borderRadius": 20,
                      "borderWidth": 1,
                      "height": 36,
                      "justifyContent": "center",
                      "opacity": 1,
                      "paddingBottom": 9,
                      "paddingLeft": 9,
                      "paddingRight": 9,
                      "paddingTop": 9,
                    }
                  }
                >
                  <Text
                    color="#333333"
                    style={
                      Array [
                        Object {
                          "color": "#333333",
                          "fontFamily": "Heebo_400Regular",
                          "fontSize": 24,
                        },
                      ]
                    }
                  >
                    Humor
                  </Text>
                </View>
              </View>
              <View
                style={
                  Array [
                    Object {
                      "marginBottom": 4,
                      "marginLeft": 2,
                      "marginRight": 2,
                      "marginTop": 4,
                    },
                  ]
                }
              >
                <View
                  accessible={true}
                  focusable={true}
                  onClick={[Function]}
                  onResponderGrant={[Function]}
                  onResponderMove={[Function]}
                  onResponderRelease={[Function]}
                  onResponderTerminate={[Function]}
                  onResponderTerminationRequest={[Function]}
                  onStartShouldSetResponder={[Function]}
                  style={
                    Object {
                      "alignItems": "center",
                      "backgroundColor": "#FFFF",
                      "borderColor": "rgba(0,0,0,0.32)",
                      "borderRadius": 20,
                      "borderWidth": 1,
                      "height": 36,
                      "justifyContent": "center",
                      "opacity": 1,
                      "paddingBottom": 9,
                      "paddingLeft": 9,
                      "paddingRight": 9,
                      "paddingTop": 9,
                    }
                  }
                >
                  <Text
                    color="#333333"
                    style={
                      Array [
                        Object {
                          "color": "#333333",
                          "fontFamily": "Heebo_400Regular",
                          "fontSize": 24,
                        },
                      ]
                    }
                  >
                    Criança
                  </Text>
                </View>
              </View>
              <View
                style={
                  Array [
                    Object {
                      "marginBottom": 4,
                      "marginLeft": 2,
                      "marginRight": 2,
                      "marginTop": 4,
                    },
                  ]
                }
              >
                <View
                  accessible={true}
                  focusable={true}
                  onClick={[Function]}
                  onResponderGrant={[Function]}
                  onResponderMove={[Function]}
                  onResponderRelease={[Function]}
                  onResponderTerminate={[Function]}
                  onResponderTerminationRequest={[Function]}
                  onStartShouldSetResponder={[Function]}
                  style={
                    Object {
                      "alignItems": "center",
                      "backgroundColor": "#FFFF",
                      "borderColor": "rgba(0,0,0,0.32)",
                      "borderRadius": 20,
                      "borderWidth": 1,
                      "height": 36,
                      "justifyContent": "center",
                      "opacity": 1,
                      "paddingBottom": 9,
                      "paddingLeft": 9,
                      "paddingRight": 9,
                      "paddingTop": 9,
                    }
                  }
                >
                  <Text
                    color="#333333"
                    style={
                      Array [
                        Object {
                          "color": "#333333",
                          "fontFamily": "Heebo_400Regular",
                          "fontSize": 24,
                        },
                      ]
                    }
                  >
                    Jogos
                  </Text>
                </View>
              </View>
              <View
                style={
                  Array [
                    Object {
                      "marginBottom": 4,
                      "marginLeft": 2,
                      "marginRight": 2,
                      "marginTop": 4,
                    },
                  ]
                }
              >
                <View
                  accessible={true}
                  focusable={true}
                  onClick={[Function]}
                  onResponderGrant={[Function]}
                  onResponderMove={[Function]}
                  onResponderRelease={[Function]}
                  onResponderTerminate={[Function]}
                  onResponderTerminationRequest={[Function]}
                  onStartShouldSetResponder={[Function]}
                  style={
                    Object {
                      "alignItems": "center",
                      "backgroundColor": "#FFFF",
                      "borderColor": "rgba(0,0,0,0.32)",
                      "borderRadius": 20,
                      "borderWidth": 1,
                      "height": 36,
                      "justifyContent": "center",
                      "opacity": 1,
                      "paddingBottom": 9,
                      "paddingLeft": 9,
                      "paddingRight": 9,
                      "paddingTop": 9,
                    }
                  }
                >
                  <Text
                    color="#333333"
                    style={
                      Array [
                        Object {
                          "color": "#333333",
                          "fontFamily": "Heebo_400Regular",
                          "fontSize": 24,
                        },
                      ]
                    }
                  >
                    Jornais
                  </Text>
                </View>
              </View>
              <View
                style={
                  Array [
                    Object {
                      "marginBottom": 4,
                      "marginLeft": 2,
                      "marginRight": 2,
                      "marginTop": 4,
                    },
                  ]
                }
              >
                <View
                  accessible={true}
                  focusable={true}
                  onClick={[Function]}
                  onResponderGrant={[Function]}
                  onResponderMove={[Function]}
                  onResponderRelease={[Function]}
                  onResponderTerminate={[Function]}
                  onResponderTerminationRequest={[Function]}
                  onStartShouldSetResponder={[Function]}
                  style={
                    Object {
                      "alignItems": "center",
                      "backgroundColor": "#FFFF",
                      "borderColor": "rgba(0,0,0,0.32)",
                      "borderRadius": 20,
                      "borderWidth": 1,
                      "height": 36,
                      "justifyContent": "center",
                      "opacity": 1,
                      "paddingBottom": 9,
                      "paddingLeft": 9,
                      "paddingRight": 9,
                      "paddingTop": 9,
                    }
                  }
                >
                  <Text
                    color="#333333"
                    style={
                      Array [
                        Object {
                          "color": "#333333",
                          "fontFamily": "Heebo_400Regular",
                          "fontSize": 24,
                        },
                      ]
                    }
                  >
                    Literatura brasileira
                  </Text>
                </View>
              </View>
              <View
                style={
                  Array [
                    Object {
                      "marginBottom": 4,
                      "marginLeft": 2,
                      "marginRight": 2,
                      "marginTop": 4,
                    },
                  ]
                }
              >
                <View
                  accessible={true}
                  focusable={true}
                  onClick={[Function]}
                  onResponderGrant={[Function]}
                  onResponderMove={[Function]}
                  onResponderRelease={[Function]}
                  onResponderTerminate={[Function]}
                  onResponderTerminationRequest={[Function]}
                  onStartShouldSetResponder={[Function]}
                  style={
                    Object {
                      "alignItems": "center",
                      "backgroundColor": "#FFFF",
                      "borderColor": "rgba(0,0,0,0.32)",
                      "borderRadius": 20,
                      "borderWidth": 1,
                      "height": 36,
                      "justifyContent": "center",
                      "opacity": 1,
                      "paddingBottom": 9,
                      "paddingLeft": 9,
                      "paddingRight": 9,
                      "paddingTop": 9,
                    }
                  }
                >
                  <Text
                    color="#333333"
                    style={
                      Array [
                        Object {
                          "color": "#333333",
                          "fontFamily": "Heebo_400Regular",
                          "fontSize": 24,
                        },
                      ]
                    }
                  >
                    Livros raros
                  </Text>
                </View>
              </View>
              <View
                style={
                  Array [
                    Object {
                      "marginBottom": 4,
                      "marginLeft": 2,
                      "marginRight": 2,
                      "marginTop": 4,
                    },
                  ]
                }
              >
                <View
                  accessible={true}
                  focusable={true}
                  onClick={[Function]}
                  onResponderGrant={[Function]}
                  onResponderMove={[Function]}
                  onResponderRelease={[Function]}
                  onResponderTerminate={[Function]}
                  onResponderTerminationRequest={[Function]}
                  onStartShouldSetResponder={[Function]}
                  style={
                    Object {
                      "alignItems": "center",
                      "backgroundColor": "#FFFF",
                      "borderColor": "rgba(0,0,0,0.32)",
                      "borderRadius": 20,
                      "borderWidth": 1,
                      "height": 36,
                      "justifyContent": "center",
                      "opacity": 1,
                      "paddingBottom": 9,
                      "paddingLeft": 9,
                      "paddingRight": 9,
                      "paddingTop": 9,
                    }
                  }
                >
                  <Text
                    color="#333333"
                    style={
                      Array [
                        Object {
                          "color": "#333333",
                          "fontFamily": "Heebo_400Regular",
                          "fontSize": 24,
                        },
                      ]
                    }
                  >
                    Manuscritos
                  </Text>
                </View>
              </View>
              <View
                style={
                  Array [
                    Object {
                      "marginBottom": 4,
                      "marginLeft": 2,
                      "marginRight": 2,
                      "marginTop": 4,
                    },
                  ]
                }
              >
                <View
                  accessible={true}
                  focusable={true}
                  onClick={[Function]}
                  onResponderGrant={[Function]}
                  onResponderMove={[Function]}
                  onResponderRelease={[Function]}
                  onResponderTerminate={[Function]}
                  onResponderTerminationRequest={[Function]}
                  onStartShouldSetResponder={[Function]}
                  style={
                    Object {
                      "alignItems": "center",
                      "backgroundColor": "#FFFF",
                      "borderColor": "rgba(0,0,0,0.32)",
                      "borderRadius": 20,
                      "borderWidth": 1,
                      "height": 36,
                      "justifyContent": "center",
                      "opacity": 1,
                      "paddingBottom": 9,
                      "paddingLeft": 9,
                      "paddingRight": 9,
                      "paddingTop": 9,
                    }
                  }
                >
                  <Text
                    color="#333333"
                    style={
                      Array [
                        Object {
                          "color": "#333333",
                          "fontFamily": "Heebo_400Regular",
                          "fontSize": 24,
                        },
                      ]
                    }
                  >
                    Poesia
                  </Text>
                </View>
              </View>
              <View
                style={
                  Array [
                    Object {
                      "marginBottom": 4,
                      "marginLeft": 2,
                      "marginRight": 2,
                      "marginTop": 4,
                    },
                  ]
                }
              >
                <View
                  accessible={true}
                  focusable={true}
                  onClick={[Function]}
                  onResponderGrant={[Function]}
                  onResponderMove={[Function]}
                  onResponderRelease={[Function]}
                  onResponderTerminate={[Function]}
                  onResponderTerminationRequest={[Function]}
                  onStartShouldSetResponder={[Function]}
                  style={
                    Object {
                      "alignItems": "center",
                      "backgroundColor": "#FFFF",
                      "borderColor": "rgba(0,0,0,0.32)",
                      "borderRadius": 20,
                      "borderWidth": 1,
                      "height": 36,
                      "justifyContent": "center",
                      "opacity": 1,
                      "paddingBottom": 9,
                      "paddingLeft": 9,
                      "paddingRight": 9,
                      "paddingTop": 9,
                    }
                  }
                >
                  <Text
                    color="#333333"
                    style={
                      Array [
                        Object {
                          "color": "#333333",
                          "fontFamily": "Heebo_400Regular",
                          "fontSize": 24,
                        },
                      ]
                    }
                  >
                    Outros assuntos
                  </Text>
                </View>
              </View>
            </View>
            <View
              style={
                Array [
                  Object {
                    "alignItems": "center",
                    "justifyContent": "center",
                    "marginTop": 20,
                  },
                ]
              }
            >
              <View
                style={
                  Array [
                    Object {
                      "height": 36,
                      "width": 91,
                    },
                  ]
                }
              >
                <View
                  accessible={true}
                  focusable={true}
                  onClick={[Function]}
                  onResponderGrant={[Function]}
                  onResponderMove={[Function]}
                  onResponderRelease={[Function]}
                  onResponderTerminate={[Function]}
                  onResponderTerminationRequest={[Function]}
                  onStartShouldSetResponder={[Function]}
                  style={
                    Object {
                      "alignItems": "center",
                      "backgroundColor": "#FFFF",
                      "borderColor": "#AB2680",
                      "borderRadius": 20,
                      "borderWidth": 1,
                      "height": 36,
                      "justifyContent": "center",
                      "opacity": 1,
                      "paddingBottom": 9,
                      "paddingLeft": 9,
                      "paddingRight": 9,
                      "paddingTop": 9,
                    }
                  }
                >
                  <Text
                    color="#AB2680"
                    style={
                      Array [
                        Object {
                          "alignItems": "center",
                          "color": "#AB2680",
                          "fontFamily": "Heebo_500Medium",
                          "fontSize": 31,
                          "justifyContent": "center",
                          "marginTop": -2,
                          "textAlign": "center",
                        },
                      ]
                    }
                  >
                    Filtrar
                  </Text>
                </View>
              </View>
            </View>
          </View>
        </RCTScrollView>
      </View>
    </RCTSafeAreaView>
  </Modal>,
  <RCTSafeAreaView
    accessible={true}
    emulateUnlessSupported={true}
    focusable={true}
    onClick={[Function]}
    onResponderGrant={[Function]}
    onResponderMove={[Function]}
    onResponderRelease={[Function]}
    onResponderTerminate={[Function]}
    onResponderTerminationRequest={[Function]}
    onStartShouldSetResponder={[Function]}
    style={
      Array [
        Object {
          "backgroundColor": "#E5E5E5",
          "flexBasis": 0,
          "flexGrow": 1,
          "flexShrink": 1,
        },
      ]
    }
  >
    <View
      accessibilityLabel="Ioasys Books"
      accessible={true}
      style={
        Array [
          Object {
            "alignItems": "center",
            "flexDirection": "row",
            "height": 40,
            "justifyContent": "space-between",
            "marginBottom": 34,
            "marginTop": 30,
            "width": "100%",
          },
        ]
      }
    >
      <View
        style={
          Array [
            Object {
              "alignItems": "center",
              "flexDirection": "row",
              "marginLeft": 16,
            },
          ]
        }
      >
        SvgMock
        <Text
          style={
            Array [
              Object {
                "color": "#333333",
                "fontFamily": "Heebo_300Light",
                "fontSize": 55,
                "marginLeft": 16,
              },
            ]
          }
        >
          Books
        </Text>
      </View>
      <View
        style={
          Array [
            Object {
              "borderColor": "rgba(0,0,0,0.20)",
              "borderRadius": 667,
              "borderWidth": 1,
              "marginRight": 16,
            },
          ]
        }
      >
        <RNGestureHandlerButton
          accessibilityLabel="Logout Button"
          accessible={true}
          activeOpacity={0.105}
          collapsable={false}
          onActiveStateChange={[Function]}
          onGestureEvent={[Function]}
          onGestureHandlerEvent={[Function]}
          onGestureHandlerStateChange={[Function]}
          onHandlerStateChange={[Function]}
          onPress={[Function]}
          style={
            Object {
              "alignItems": "center",
              "backgroundColor": "#E5E5E5",
              "borderColor": "rgba(0,0,0,0.20)",
              "borderRadius": 667,
              "borderWidth": 1,
              "height": 32,
              "justifyContent": "center",
              "width": 32,
            }
          }
          underlayColor="black"
        >
          <View
            style={
              Object {
                "backgroundColor": "black",
                "borderBottomLeftRadius": undefined,
                "borderBottomRightRadius": undefined,
                "borderRadius": 667,
                "borderTopLeftRadius": undefined,
                "borderTopRightRadius": undefined,
                "bottom": 0,
                "left": 0,
                "opacity": 0,
                "position": "absolute",
                "right": 0,
                "top": 0,
              }
            }
          />
          <Text />
        </RNGestureHandlerButton>
      </View>
    </View>
    <View
      style={
        Array [
          Object {
            "height": 50,
            "width": "100%",
          },
        ]
      }
    >
      <View
        style={
          Array [
            Object {
              "alignItems": "center",
              "flexDirection": "row",
              "marginBottom": 0,
              "marginLeft": 16,
              "marginRight": 16,
              "marginTop": 0,
            },
          ]
        }
      >
        <View
          style={
            Array [
              Object {
                "alignItems": "center",
                "borderColor": "rgba(0,0,0,0.20)",
                "borderWidth": 1,
                "flexDirection": "row",
                "height": 48,
                "width": "90%",
              },
            ]
          }
        >
          <View
            style={
              Array [
                Object {
                  "marginLeft": 11,
                  "width": "90%",
                },
              ]
            }
          >
            <TextInput
              accessibilityLabel="Search a book input"
              accessible={true}
              allowFontScaling={true}
              color="#333333"
              onChangeText={[Function]}
              placeholder="Preocure um livro"
              placeholderTextColor="rgba(0,0,0,0.20)"
              rejectResponderTermination={true}
              style={
                Array [
                  Object {
                    "color": "#333333",
                    "fontFamily": "Heebo_400Regular",
                    "fontSize": 31,
                    "height": "100%",
                    "width": "100%",
                    "zIndex": 3,
                  },
                ]
              }
              testID="input"
              underlineColorAndroid="transparent"
            />
          </View>
        </View>
        <View
          accessibilityLabel="Search Button"
          accessible={true}
          focusable={true}
          onClick={[Function]}
          onResponderGrant={[Function]}
          onResponderMove={[Function]}
          onResponderRelease={[Function]}
          onResponderTerminate={[Function]}
          onResponderTerminationRequest={[Function]}
          onStartShouldSetResponder={[Function]}
          style={
            Object {
              "opacity": 1,
              "zIndex": 5,
            }
          }
        >
          <Text />
        </View>
        <View
          accessibilityLabel="Filter Button"
          accessible={true}
          focusable={true}
          onClick={[Function]}
          onResponderGrant={[Function]}
          onResponderMove={[Function]}
          onResponderRelease={[Function]}
          onResponderTerminate={[Function]}
          onResponderTerminationRequest={[Function]}
          onStartShouldSetResponder={[Function]}
          style={
            Object {
              "opacity": 1,
              "paddingLeft": 10,
            }
          }
        >
          <Text />
        </View>
      </View>
    </View>
    <View
      style={
        Array [
          Object {
            "height": "100%",
            "marginBottom": 0,
            "marginLeft": 16,
            "marginRight": 16,
            "marginTop": 32,
          },
        ]
      }
    >
      <RCTScrollView
        disableVirtualization={false}
        getItem={[Function]}
        getItemCount={[Function]}
        horizontal={false}
        initialNumToRender={10}
        keyExtractor={[Function]}
        maxToRenderPerBatch={10}
        onContentSizeChange={[Function]}
        onEndReachedThreshold={2}
        onLayout={[Function]}
        onMomentumScrollEnd={[Function]}
        onScroll={[Function]}
        onScrollBeginDrag={[Function]}
        onScrollEndDrag={[Function]}
        removeClippedSubviews={false}
        renderItem={[Function]}
        scrollEventThrottle={50}
        showsVerticalScrollIndicator={false}
        stickyHeaderIndices={Array []}
        updateCellsBatchingPeriod={50}
        viewabilityConfigCallbackPairs={Array []}
        windowSize={21}
      >
        <View />
      </RCTScrollView>
    </View>
  </RCTSafeAreaView>,
]
`;
